Microchip MPLAB XC8 Compiler V1.33 ()

Linker command line:

--edf=C:\Program Files\Microchip\xc8\v1.33\dat\en_msgs.txt -cs \
  -h+dist/default/debug\JMC.X.debug.sym \
  --cmf=dist/default/debug\JMC.X.debug.cmf -z -Q18F4520 \
  -oC:\Users\Sudi\AppData\Local\Temp\s1oc.6 \
  -Mdist/default/debug/JMC.X.debug.map -E1 -ver=XC8 -ASTACK=04D7h-05ffh \
  -pstack=STACK -ACODE=00h-07FFFh -ACONST=00h-07FFFh \
  -ASMALLCONST=0600h-06FFhx122 -AMEDIUMCONST=0600h-07FFFh -ACOMRAM=01h-07Fh \
  -AABS1=00h-05FFh -ABIGRAM=01h-05FFh -ARAM=080h-0FFh,0100h-01FFhx5 \
  -ABANK0=080h-0FFh -ABANK1=0100h-01FFh -ABANK2=0200h-02FFh \
  -ABANK3=0300h-03FFh -ABANK4=0400h-04FFh -ABANK5=0500h-05FFh \
  -ASFR=0F80h-0FFFh \
  -preset_vec=00h,intcode=08h,intcodelo,powerup,init,end_init \
  -pramtop=0600h -psmallconst=SMALLCONST -pmediumconst=MEDIUMCONST \
  -pconst=CONST -AFARRAM=00h-00h -ACONFIG=0300000h-030000Dh -pconfig=CONFIG \
  -AIDLOC=0200000h-0200007h -pidloc=IDLOC -AEEDATA=0F00000h-0F000FFh \
  -peeprom_data=EEDATA \
  -prdata=COMRAM,nvrram=COMRAM,nvbit=COMRAM,rbss=COMRAM,rbit=COMRAM \
  -pfarbss=FARRAM,fardata=FARRAM,nvFARRAM=FARRAM \
  -pintsave_regs=BIGRAM,bigbss=BIGRAM,bigdata=BIGRAM -pbss=RAM \
  -pidata=CODE,irdata=CODE,ibigdata=CODE,ifardata=CODE \
  C:\Users\Sudi\AppData\Local\Temp\s1oc.obj \
  dist/default/debug\JMC.X.debug.obj 

Object code version is 3.11

Machine type is 18F4520

Call graph: (short form)




                Name                               Link     Load   Length Selector   Space Scale
C:\Users\Sudi\AppData\Local\Temp\s1oc.obj
                end_init                             18       18        4        4       0
                reset_vec                             0        0        4        0       0
                idloc                            200000   200000        8   200000       0
                config                           300000   300000        E   300000       0
dist/default/debug\JMC.X.debug.obj
                intcode                               8        8       10        4       0
                mediumconst                        7BFA     7BFA      406     3DFD       0
                text43                             1ADE     1ADE       2C        4       0
                intcode_body                       1562     1562       6E        4       0
                text41                             1AB2     1AB2       2C        4       0
                text40                             198C     198C       40        4       0
                text39                             1832     1832       4A        4       0
                text38                             17E8     17E8       4A        4       0
                text37                             12F0     12F0       90        4       0
                text36                             1A7E     1A7E       34        4       0
                text35                             1BF0     1BF0       22        4       0
                text34                             1B34     1B34       2A        4       0
                text33                              F8E      F8E       D2        4       0
                text32                             18C4     18C4       44        4       0
                text31                             147C     147C       78        4       0
                text30                              B92      B92      114        4       0
                text29                             1118     1118       AA        4       0
                text28                             14F4     14F4       6E        4       0
                text27                             1BCE     1BCE       22        4       0
                text26                             1C12     1C12       14        4       0
                text25                              DA4      DA4       FC        4       0
                text24                             1B84     1B84       26        4       0
                text23                             1400     1400       7C        4       0
                text22                             179C     179C       4C        4       0
                text21                             16F6     16F6       54        4       0
                text20                              CA6      CA6       FE        4       0
                text19                             15D0     15D0       6A        4       0
                text18                             1B5E     1B5E       26        4       0
                text17                             1380     1380       80        4       0
                text16                             19CC     19CC       3E        4       0
                text15                             174A     174A       52        4       0
                text14                             194A     194A       42        4       0
                text13                               1C       1C      A5C        4       0
                text12                              EA0      EA0       EE        4       0
                text11                             1B0A     1B0A       2A        4       0
                text10                             169C     169C       5A        4       0
                text9                              1908     1908       42        4       0
                text8                               A78      A78      11A        4       0
                text7                              11C2     11C2       98        4       0
                text6                              1A44     1A44       3A        4       0
                text5                              1A0A     1A0A       3A        4       0
                text4                              125A     125A       96        4       0
                text3                              1C26     1C26        C        4       0
                text2                              1060     1060       B8        4       0
                text1                              1BAA     1BAA       24        4       0
                text0                              163A     163A       62        4       0
                cstackCOMRAM                          1        1       5D        1       1
                cstackBANK0                          80       80       4F       80       1
                bssBIGRAM                            D7       D7      400       D7       1
                dataBANK0                            D6       D6        1       80       1
                bssBANK0                             CF       CF        7       80       1
                bssCOMRAM                            5E       5E        E        1       1
                cinit                              187C     187C       48        4       0
                idataBANK0                         1C32     1C32        1        4       0

TOTAL           Name                               Link     Load   Length     Space
        CLASS   STACK          

        CLASS   CODE           
                end_init                             18       18        4         0
                intcode                               8        8       10         0
                reset_vec                             0        0        4         0
                text43                             1ADE     1ADE       2C         0
                intcode_body                       1562     1562       6E         0
                text41                             1AB2     1AB2       2C         0
                text40                             198C     198C       40         0
                text39                             1832     1832       4A         0
                text38                             17E8     17E8       4A         0
                text37                             12F0     12F0       90         0
                text36                             1A7E     1A7E       34         0
                text35                             1BF0     1BF0       22         0
                text34                             1B34     1B34       2A         0
                text33                              F8E      F8E       D2         0
                text32                             18C4     18C4       44         0
                text31                             147C     147C       78         0
                text30                              B92      B92      114         0
                text29                             1118     1118       AA         0
                text28                             14F4     14F4       6E         0
                text27                             1BCE     1BCE       22         0
                text26                             1C12     1C12       14         0
                text25                              DA4      DA4       FC         0
                text24                             1B84     1B84       26         0
                text23                             1400     1400       7C         0
                text22                             179C     179C       4C         0
                text21                             16F6     16F6       54         0
                text20                              CA6      CA6       FE         0
                text19                             15D0     15D0       6A         0
                text18                             1B5E     1B5E       26         0
                text17                             1380     1380       80         0
                text16                             19CC     19CC       3E         0
                text15                             174A     174A       52         0
                text14                             194A     194A       42         0
                text13                               1C       1C      A5C         0
                text12                              EA0      EA0       EE         0
                text11                             1B0A     1B0A       2A         0
                text10                             169C     169C       5A         0
                text9                              1908     1908       42         0
                text8                               A78      A78      11A         0
                text7                              11C2     11C2       98         0
                text6                              1A44     1A44       3A         0
                text5                              1A0A     1A0A       3A         0
                text4                              125A     125A       96         0
                text3                              1C26     1C26        C         0
                text2                              1060     1060       B8         0
                text1                              1BAA     1BAA       24         0
                text0                              163A     163A       62         0
                cinit                              187C     187C       48         0
                idataBANK0                         1C32     1C32        1         0

        CLASS   CONST          

        CLASS   SMALLCONST     

        CLASS   MEDIUMCONST    
                mediumconst                        7BFA     7BFA      406         0

        CLASS   COMRAM         
                cstackCOMRAM                          1        1       5D         1
                bssCOMRAM                            5E       5E        E         1

        CLASS   ABS1           

        CLASS   BIGRAM         
                bssBIGRAM                            D7       D7      400         1

        CLASS   RAM            

        CLASS   BANK0          
                cstackBANK0                          80       80       4F         1
                dataBANK0                            D6       D6        1         1
                bssBANK0                             CF       CF        7         1

        CLASS   BANK1          

        CLASS   BANK2          

        CLASS   BANK3          

        CLASS   BANK4          

        CLASS   BANK5          

        CLASS   SFR            

        CLASS   FARRAM         

        CLASS   CONFIG         
                config                           300000   300000        E         0

        CLASS   IDLOC          
                idloc                            200000   200000        8         0

        CLASS   EEDATA         



SEGMENTS        Name                           Load    Length   Top    Selector   Space  Class

                reset_vec                      000000  000004  000004         0       0  CODE    
                cstackCOMRAM                   000001  00006B  00006C         1       1  COMRAM  
                intcode                        000008  001C2B  001C33         4       0  CODE    
                cstackBANK0                    000080  000057  0000D7        80       1  BANK0   
                bssBIGRAM                      0000D7  000400  0004D7        D7       1  BIGRAM  
                mediumconst                    007BFA  000406  008000      3DFD       0  MEDIUMCO
                idloc                          200000  000008  200008    200000       0  IDLOC   
                config                         300000  00000E  30000E    300000       0  CONFIG  


UNUSED ADDRESS RANGES

        Name                Unused          Largest block    Delta
        BANK4            0004D7-0004FF               29
        BANK5            000500-0005FF              100
        BIGRAM           00006C-00007F               14
                         0004D7-0005FF              129
        CODE             000004-000007                4
                         001C33-007BF9             5FC7
        COMRAM           00006C-00007F               14
        CONST            000004-000007                4
                         001C33-007BF9             5FC7
        EEDATA           F00000-F000FF              100
        MEDIUMCONST      001C33-007BF9             5FC7
        RAM              0004D7-0005FF               29
        SFR              000F80-000FFF               80
        SMALLCONST       001C33-007BF9              100
        STACK            0004D7-0005FF              129

                                  Symbol Table

?_Heap_GetHeader                           cstackCOMRAM 000010
?_Heap_GetHeaderAddress                    cstackCOMRAM 000019
?_Mm_GetU16                                cstackCOMRAM 000024
?___aldiv                                  cstackCOMRAM 000016
?___lwdiv                                  cstackCOMRAM 000010
?___lwmod                                  cstackCOMRAM 000010
?___wmul                                   cstackCOMRAM 000010
API_MicroApplication_Sleep@counter         cstackCOMRAM 000026
API_MicroApplication_Sleep@value           cstackCOMRAM 000024
Api_ExecuteNativeMethod@id                 cstackCOMRAM 00002C
Api_ExecuteNativeMethod@value              cstackCOMRAM 00002D
Api_PortRegistry_GetPortRegistry@port      cstackCOMRAM 000010
Api_PortRegistry_SetPin@pins               cstackCOMRAM 000011
Api_PortRegistry_SetPin@type               cstackCOMRAM 000010
Heap_GarbageCollect@heap                   cstackCOMRAM 000025
Heap_GarbageCollect@offset                 cstackCOMRAM 000023
Heap_GarbageCollect@size                   cstackCOMRAM 000021
Heap_GetBytes@bytes                        cstackCOMRAM 000029
Heap_GetBytes@heap                         cstackCOMRAM 00002F
Heap_GetBytes@size                         cstackCOMRAM 00002D
Heap_GetHeader@heap                        cstackCOMRAM 000017
Heap_GetHeader@id                          cstackCOMRAM 000014
Heap_GetHeader@offset                      cstackCOMRAM 000015
Heap_GetHeaderAddress@heap                 cstackCOMRAM 00001C
Heap_GetHeaderAddress@id                   cstackCOMRAM 00001B
Heap_Init@heap                             cstackCOMRAM 000010
Heap_IsIdInUse@heap                        cstackCOMRAM 00001B
Heap_IsIdInUse@id                          cstackCOMRAM 000010
Heap_IsIdInUse@ii                          cstackCOMRAM 00001A
Heap_IsIdInUse@offset                      cstackCOMRAM 000018
Heap_SetBytes@bytes                        cstackCOMRAM 000010
Heap_SetBytes@heap                         cstackCOMRAM 000016
Heap_SetBytes@size                         cstackCOMRAM 000014
Jvm_Main@flags                             cstackCOMRAM 000059
Jvm_Main@index                             cstackCOMRAM 00005C
Jvm_Main@method                            cstackCOMRAM 000057
Jvm_RunMethod@aux1                         cstackCOMRAM 000051
Jvm_RunMethod@aux2                         cstackCOMRAM 000047
Jvm_RunMethod@bytecode                     cstackCOMRAM 000044
Jvm_RunMethod@index                        cstackCOMRAM 000031
Jvm_RunMethod@method                       cstackCOMRAM 000049
Jvm_RunMethod@method_ptr                   cstackCOMRAM 00003D
Jvm_RunMethod@nextcodes                    cstackCOMRAM 000045
Jvm_RunMethod@oldLocals                    cstackCOMRAM 00003B
Jvm_RunMethod@oldLocalsOffset              cstackCOMRAM 000039
Jvm_RunMethod@oldUnsteal                   cstackCOMRAM 00003C
Jvm_RunMethod@pc                           cstackCOMRAM 000040
Jvm_RunMethod@pcIncrement                  cstackCOMRAM 00003F
Loader_ProcessCommand@response             cstackCOMRAM 00002E
Loader_ProcessCommand@value                cstackCOMRAM 00002F
Loader_ProcessCommandLoad@value            cstackCOMRAM 00002D
Mm_CopyRam@destination                     cstackCOMRAM 000010
Mm_CopyRam@size                            cstackCOMRAM 000014
Mm_CopyRam@source                          cstackCOMRAM 000012
Mm_GetU08@address                          cstackCOMRAM 000024
Mm_GetU08@value                            cstackCOMRAM 000028
Mm_GetU16@address                          cstackCOMRAM 000024
Mm_GetU16@value                            cstackCOMRAM 000028
Mm_IsAddressEEPROM@address                 cstackCOMRAM 000010
Mm_IsAddressFlash@address                  cstackCOMRAM 000010
Mm_ReadEEPROM@address                      cstackCOMRAM 000010
Mm_ReadEEPROM@bytes                        cstackCOMRAM 000014
Mm_ReadEEPROM@data                         cstackCOMRAM 000018
Mm_ReadFlash@address                       cstackCOMRAM 000010
Mm_ReadFlash@bytes                         cstackCOMRAM 000014
Mm_ReadFlash@data                          cstackCOMRAM 000018
Mm_ReadNVM@address                         cstackCOMRAM 00001A
Mm_ReadNVM@bytes                           cstackCOMRAM 00001E
Mm_ReadNVM@data                            cstackCOMRAM 000022
Mm_SetU08@address                          cstackCOMRAM 000025
Mm_SetU08@value                            cstackCOMRAM 000029
Mm_SetU16@address                          cstackCOMRAM 000025
Mm_SetU16@value                            cstackCOMRAM 000029
Mm_Write@GIEBit                            cstackCOMRAM 000010
Mm_WriteEEPROM@address                     cstackCOMRAM 000011
Mm_WriteEEPROM@byte                        cstackCOMRAM 00001B
Mm_WriteEEPROM@bytes                       cstackCOMRAM 000015
Mm_WriteEEPROM@data                        cstackCOMRAM 000019
Mm_WriteFlash@address                      cstackCOMRAM 00001A
Mm_WriteFlash@block                        cstackBANK0  000080
Mm_WriteFlash@bytes                        cstackCOMRAM 00001E
Mm_WriteFlash@data                         cstackCOMRAM 000022
Mm_WriteFlash@offset                       cstackBANK0  0000C4
Mm_WriteFlash@saddress                     cstackBANK0  0000C0
Mm_WriteFlashBlock@address                 cstackCOMRAM 000011
Mm_WriteFlashBlock@block                   cstackCOMRAM 000015
Mm_WriteFlashBlock@offset                  cstackCOMRAM 000017
Mm_WriteNVM@address                        cstackBANK0  0000C5
Mm_WriteNVM@bytes                          cstackBANK0  0000C9
Mm_WriteNVM@data                           cstackBANK0  0000CD
SerialPort_Send@byte                       cstackCOMRAM 000010
Stack_IsIdInUse@id                         cstackCOMRAM 000010
Stack_IsIdInUse@ii                         cstackCOMRAM 000017
Timer_T0_Init@interruption                 cstackCOMRAM 000010
_API_MicroApplication_Sleep                text23       001400
_Api_ExecuteNativeMethod                   text20       000CA6
_Api_PortRegistry_GetPortRegistry          text22       00179C
_Api_PortRegistry_Port                     bssCOMRAM    00005E
_Api_PortRegistry_SetPin                   text21       0016F6
_Api_PortRegistry_Tris                     bssCOMRAM    000060
_BRG16                                     (abs)        007DC3
_BRGH                                      (abs)        007D62
_CREN                                      (abs)        007D5C
_EEADR                                     (abs)        000FA9
_EECON1bits                                (abs)        000FA6
_EECON2                                    (abs)        000FA7
_EEDATA                                    (abs)        000FA8
_Heap                                      bssBIGRAM    0000D7
_Heap_BaseOffset                           bssCOMRAM    000062
_Heap_GarbageCollect                       text30       000B92
_Heap_GetBytes                             text29       001118
_Heap_GetHeader                            text19       0015D0
_Heap_GetHeaderAddress                     text18       001B5E
_Heap_Init                                 text34       001B34
_Heap_IsIdInUse                            text33       000F8E
_Heap_SetBytes                             text17       001380
_INTCON                                    (abs)        000FF2
_INTCONbits                                (abs)        000FF2
_ISR                                       intcode      000008
_JavaClass_Data                            mediumconst  007BFB
_JavaClass_DataSize                        mediumconst  007FFB
_JavaClass_Init                            text35       001BF0
_Jvm_Init                                  text27       001BCE
_Jvm_Main                                  text12       000EA0
_Jvm_Main$1131                             cstackCOMRAM 00005A
_Jvm_RunMethod                             text13       00001C
_Loader_Cmd                                bssBANK0     0000D3
_Loader_CmdDataOffset                      bssBANK0     0000CF
_Loader_CmdLength                          bssCOMRAM    000064
_Loader_CmdProcessingState                 bssBANK0     0000D4
_Loader_IsLoaderEnabled                    mediumconst  007FFD
_Loader_ProcessCommand                     text2        001060
_Loader_ProcessCommandLoad                 text4        00125A
_Loader_State                              bssBANK0     0000D5
_Mm_CopyRam                                text32       0018C4
_Mm_GetU08                                 text36       001A7E
_Mm_GetU16                                 text16       0019CC
_Mm_IsAddressEEPROM                        text41       001AB2
_Mm_IsAddressFlash                         text40       00198C
_Mm_ReadEEPROM                             text39       001832
_Mm_ReadFlash                              text38       0017E8
_Mm_ReadNVM                                text37       0012F0
_Mm_SetU08                                 text6        001A44
_Mm_SetU16                                 text5        001A0A
_Mm_Write                                  text11       001B0A
_Mm_WriteEEPROM                            text10       00169C
_Mm_WriteFlash                             text8        000A78
_Mm_WriteFlashBlock                        text9        001908
_Mm_WriteNVM                               text7        0011C2
_OERR                                      (abs)        007D59
_PORTA                                     (abs)        000F80
_PORTB                                     (abs)        000F81
_PORTC                                     (abs)        000F82
_RCIE                                      (abs)        007CED
_RCIF                                      (abs)        007CF5
_RCREG                                     (abs)        000FAE
_RX9                                       (abs)        007D5E
_SPBRG                                     (abs)        000FAF
_SPEN                                      (abs)        007D5F
_SREN                                      (abs)        007D5D
_SYNC                                      (abs)        007D64
_SerialPort_CurrentValueRx                 dataBANK0    0000D6
_SerialPort_ISR                            text43       001ADE
_SerialPort_Init                           text1        001BAA
_SerialPort_Send                           text3        001C26
_Stack_BasePointer                         bssBANK0     0000D1
_Stack_CurrentPointer                      bssCOMRAM    000066
_Stack_Init                                text28       0014F4
_Stack_IsIdInUse                           text31       00147C
_Stack_Pointer                             bssCOMRAM    000068
_T0CON                                     (abs)        000FD5
_TABLAT                                    (abs)        000FF5
_TBLPTR                                    (abs)        000FF6
_TMR0                                      (abs)        000FD6
_TMR0IE                                    (abs)        007F95
_TMR0IF                                    (abs)        007F92
_TMR0ON                                    (abs)        007EAF
_TRISA                                     (abs)        000F92
_TRISB                                     (abs)        000F93
_TRISC                                     (abs)        000F94
_TX9                                       (abs)        007D66
_TXEN                                      (abs)        007D65
_TXIE                                      (abs)        007CEC
_TXIF                                      (abs)        007CF4
_TXREG                                     (abs)        000FAD
_Timer_T0_Init                             text26       001C12
__CFG_CP0$OFF                              (abs)        000000
__CFG_CP1$OFF                              (abs)        000000
__CFG_CP2$OFF                              (abs)        000000
__CFG_CP3$OFF                              (abs)        000000
__CFG_CPB$OFF                              (abs)        000000
__CFG_CPD$OFF                              (abs)        000000
__CFG_EBTR0$OFF                            (abs)        000000
__CFG_EBTR1$OFF                            (abs)        000000
__CFG_EBTR2$OFF                            (abs)        000000
__CFG_EBTR3$OFF                            (abs)        000000
__CFG_EBTRB$OFF                            (abs)        000000
__CFG_OSC$HS                               (abs)        000000
__CFG_WRT0$OFF                             (abs)        000000
__CFG_WRT1$OFF                             (abs)        000000
__CFG_WRT2$OFF                             (abs)        000000
__CFG_WRT3$OFF                             (abs)        000000
__CFG_WRTB$OFF                             (abs)        000000
__CFG_WRTC$OFF                             (abs)        000000
__CFG_WRTD$OFF                             (abs)        000000
__HRAM                                     (abs)        000000
__Habs1                                    abs1         000000
__Hbank0                                   bank0        000000
__Hbank1                                   bank1        000000
__Hbank2                                   bank2        000000
__Hbank3                                   bank3        000000
__Hbank4                                   bank4        000000
__Hbank5                                   bank5        000000
__Hbigbss                                  bigbss       000000
__Hbigdata                                 bigdata      000000
__Hbigram                                  bigram       000000
__Hbss                                     bss          000000
__HbssBANK0                                bssBANK0     000000
__HbssBIGRAM                               bssBIGRAM    000000
__HbssCOMRAM                               bssCOMRAM    000000
__Hcinit                                   cinit        000000
__Hclrtext                                 clrtext      000000
__Hcomram                                  comram       000000
__Hconfig                                  config       30000E
__Hconst                                   const        000000
__HcstackBANK0                             cstackBANK0  000000
__HcstackCOMRAM                            cstackCOMRAM 000000
__Hdata                                    data         000000
__HdataBANK0                               dataBANK0    000000
__Heeprom_data                             eeprom_data  000000
__Hend_init                                end_init     00001C
__Hfarbss                                  farbss       000000
__Hfardata                                 fardata      000000
__Hibigdata                                ibigdata     000000
__Hidata                                   idata        000000
__HidataBANK0                              idataBANK0   000000
__Hidloc                                   idloc        200008
__Hifardata                                ifardata     000000
__Hinit                                    init         000018
__Hintcode                                 intcode      000018
__Hintcode_body                            intcode_body 000000
__Hintcodelo                               intcodelo    000018
__Hintentry                                intentry     000000
__Hintret                                  intret       000000
__Hintsave_regs                            intsave_regs 000000
__Hirdata                                  irdata       000000
__Hmediumconst                             mediumconst  008000
__HnvFARRAM                                nvFARRAM     000000
__Hnvbit                                   nvbit        000000
__Hnvrram                                  nvrram       000000
__Hparam                                   rparam       000000
__Hpowerup                                 powerup      000018
__Hram                                     ram          000000
__Hramtop                                  ramtop       000600
__Hrbit                                    rbit         000000
__Hrbss                                    rbss         000000
__Hrdata                                   rdata        000000
__Hreset_vec                               reset_vec    000004
__Hrparam                                  rparam       000000
__Hsfr                                     sfr          000000
__Hsmallconst                              smallconst   000000
__Hspace_0                                 (abs)        30000E
__Hspace_1                                 (abs)        0004D7
__Hspace_2                                 (abs)        000000
__Hstack                                   stack        000000
__Hstruct                                  struct       000000
__Htemp                                    temp         000000
__Htext                                    text         000000
__Htext0                                   text0        000000
__Htext1                                   text1        000000
__Htext10                                  text10       000000
__Htext11                                  text11       000000
__Htext12                                  text12       000000
__Htext13                                  text13       000000
__Htext14                                  text14       000000
__Htext15                                  text15       000000
__Htext16                                  text16       000000
__Htext17                                  text17       000000
__Htext18                                  text18       000000
__Htext19                                  text19       000000
__Htext2                                   text2        000000
__Htext20                                  text20       000000
__Htext21                                  text21       000000
__Htext22                                  text22       000000
__Htext23                                  text23       000000
__Htext24                                  text24       000000
__Htext25                                  text25       000000
__Htext26                                  text26       000000
__Htext27                                  text27       000000
__Htext28                                  text28       000000
__Htext29                                  text29       000000
__Htext3                                   text3        000000
__Htext30                                  text30       000000
__Htext31                                  text31       000000
__Htext32                                  text32       000000
__Htext33                                  text33       000000
__Htext34                                  text34       000000
__Htext35                                  text35       000000
__Htext36                                  text36       000000
__Htext37                                  text37       000000
__Htext38                                  text38       000000
__Htext39                                  text39       000000
__Htext4                                   text4        000000
__Htext40                                  text40       000000
__Htext41                                  text41       000000
__Htext43                                  text43       000000
__Htext5                                   text5        000000
__Htext6                                   text6        000000
__Htext7                                   text7        000000
__Htext8                                   text8        000000
__Htext9                                   text9        000000
__LRAM                                     (abs)        000001
__Labs1                                    abs1         000000
__Lbank0                                   bank0        000000
__Lbank1                                   bank1        000000
__Lbank2                                   bank2        000000
__Lbank3                                   bank3        000000
__Lbank4                                   bank4        000000
__Lbank5                                   bank5        000000
__Lbigbss                                  bigbss       000000
__Lbigdata                                 bigdata      000000
__Lbigram                                  bigram       000000
__Lbss                                     bss          000000
__LbssBANK0                                bssBANK0     000000
__LbssBIGRAM                               bssBIGRAM    000000
__LbssCOMRAM                               bssCOMRAM    000000
__Lcinit                                   cinit        000000
__Lclrtext                                 clrtext      000000
__Lcomram                                  comram       000000
__Lconfig                                  config       300000
__Lconst                                   const        000000
__LcstackBANK0                             cstackBANK0  000000
__LcstackCOMRAM                            cstackCOMRAM 000000
__Ldata                                    data         000000
__LdataBANK0                               dataBANK0    000000
__Leeprom_data                             eeprom_data  000000
__Lend_init                                end_init     000018
__Lfarbss                                  farbss       000000
__Lfardata                                 fardata      000000
__Libigdata                                ibigdata     000000
__Lidata                                   idata        000000
__LidataBANK0                              idataBANK0   000000
__Lidloc                                   idloc        200000
__Lifardata                                ifardata     000000
__Linit                                    init         000018
__Lintcode                                 intcode      000008
__Lintcode_body                            intcode_body 000000
__Lintcodelo                               intcodelo    000018
__Lintentry                                intentry     000000
__Lintret                                  intret       000000
__Lintsave_regs                            intsave_regs 000000
__Lirdata                                  irdata       000000
__Lmediumconst                             mediumconst  007BFA
__LnvFARRAM                                nvFARRAM     000000
__Lnvbit                                   nvbit        000000
__Lnvrram                                  nvrram       000000
__Lparam                                   rparam       000000
__Lpowerup                                 powerup      000018
__Lram                                     ram          000000
__Lramtop                                  ramtop       000600
__Lrbit                                    rbit         000000
__Lrbss                                    rbss         000000
__Lrdata                                   rdata        000000
__Lreset_vec                               reset_vec    000000
__Lrparam                                  rparam       000000
__Lsfr                                     sfr          000000
__Lsmallconst                              smallconst   000000
__Lspace_0                                 (abs)        000000
__Lspace_1                                 (abs)        000000
__Lspace_2                                 (abs)        000000
__Lstack                                   stack        000000
__Lstruct                                  struct       000000
__Ltemp                                    temp         000000
__Ltext                                    text         000000
__Ltext0                                   text0        000000
__Ltext1                                   text1        000000
__Ltext10                                  text10       000000
__Ltext11                                  text11       000000
__Ltext12                                  text12       000000
__Ltext13                                  text13       000000
__Ltext14                                  text14       000000
__Ltext15                                  text15       000000
__Ltext16                                  text16       000000
__Ltext17                                  text17       000000
__Ltext18                                  text18       000000
__Ltext19                                  text19       000000
__Ltext2                                   text2        000000
__Ltext20                                  text20       000000
__Ltext21                                  text21       000000
__Ltext22                                  text22       000000
__Ltext23                                  text23       000000
__Ltext24                                  text24       000000
__Ltext25                                  text25       000000
__Ltext26                                  text26       000000
__Ltext27                                  text27       000000
__Ltext28                                  text28       000000
__Ltext29                                  text29       000000
__Ltext3                                   text3        000000
__Ltext30                                  text30       000000
__Ltext31                                  text31       000000
__Ltext32                                  text32       000000
__Ltext33                                  text33       000000
__Ltext34                                  text34       000000
__Ltext35                                  text35       000000
__Ltext36                                  text36       000000
__Ltext37                                  text37       000000
__Ltext38                                  text38       000000
__Ltext39                                  text39       000000
__Ltext4                                   text4        000000
__Ltext40                                  text40       000000
__Ltext41                                  text41       000000
__Ltext43                                  text43       000000
__Ltext5                                   text5        000000
__Ltext6                                   text6        000000
__Ltext7                                   text7        000000
__Ltext8                                   text8        000000
__Ltext9                                   text9        000000
__S0                                       (abs)        30000E
__S1                                       (abs)        0004D7
__S2                                       (abs)        000000
___aldiv                                   text25       000DA4
___aldiv@counter                           cstackCOMRAM 00001E
___aldiv@dividend                          cstackCOMRAM 000016
___aldiv@divisor                           cstackCOMRAM 00001A
___aldiv@quotient                          cstackCOMRAM 000020
___aldiv@sign                              cstackCOMRAM 00001F
___inthi_sp                                stack        000000
___intlo_sp                                stack        000000
___lwdiv                                   text15       00174A
___lwdiv@counter                           cstackCOMRAM 000016
___lwdiv@dividend                          cstackCOMRAM 000010
___lwdiv@divisor                           cstackCOMRAM 000012
___lwdiv@quotient                          cstackCOMRAM 000014
___lwmod                                   text14       00194A
___lwmod@counter                           cstackCOMRAM 000014
___lwmod@dividend                          cstackCOMRAM 000010
___lwmod@divisor                           cstackCOMRAM 000012
___sp                                      stack        000000
___wmul                                    text24       001B84
___wmul@multiplicand                       cstackCOMRAM 000012
___wmul@multiplier                         cstackCOMRAM 000010
___wmul@product                            cstackCOMRAM 000014
__accesstop                                (abs)        000080
__activetblptr                             (abs)        000002
__end_of_API_MicroApplication_Sleep        text23       00147C
__end_of_Api_ExecuteNativeMethod           text20       000DA4
__end_of_Api_PortRegistry_GetPortRegistry  text22       0017E8
__end_of_Api_PortRegistry_SetPin           text21       00174A
__end_of_Heap_GarbageCollect               text30       000CA6
__end_of_Heap_GetBytes                     text29       0011C2
__end_of_Heap_GetHeader                    text19       00163A
__end_of_Heap_GetHeaderAddress             text18       001B84
__end_of_Heap_Init                         text34       001B5E
__end_of_Heap_IsIdInUse                    text33       001060
__end_of_Heap_SetBytes                     text17       001400
__end_of_ISR                               intcode_body 0015D0
__end_of_JavaClass_Data                    mediumconst  007FFB
__end_of_JavaClass_DataSize                mediumconst  007FFD
__end_of_JavaClass_Init                    text35       001C12
__end_of_Jvm_Init                          text27       001BF0
__end_of_Jvm_Main                          text12       000F8E
__end_of_Jvm_RunMethod                     text13       000A78
__end_of_Loader_IsLoaderEnabled            mediumconst  007FFE
__end_of_Loader_ProcessCommand             text2        001118
__end_of_Loader_ProcessCommandLoad         text4        0012F0
__end_of_Mm_CopyRam                        text32       001908
__end_of_Mm_GetU08                         text36       001AB2
__end_of_Mm_GetU16                         text16       001A0A
__end_of_Mm_IsAddressEEPROM                text41       001ADE
__end_of_Mm_IsAddressFlash                 text40       0019CC
__end_of_Mm_ReadEEPROM                     text39       00187C
__end_of_Mm_ReadFlash                      text38       001832
__end_of_Mm_ReadNVM                        text37       001380
__end_of_Mm_SetU08                         text6        001A7E
__end_of_Mm_SetU16                         text5        001A44
__end_of_Mm_Write                          text11       001B34
__end_of_Mm_WriteEEPROM                    text10       0016F6
__end_of_Mm_WriteFlash                     text8        000B92
__end_of_Mm_WriteFlashBlock                text9        00194A
__end_of_Mm_WriteNVM                       text7        00125A
__end_of_SerialPort_ISR                    text43       001B0A
__end_of_SerialPort_Init                   text1        001BCE
__end_of_SerialPort_Send                   text3        001C32
__end_of_Stack_Init                        text28       001562
__end_of_Stack_IsIdInUse                   text31       0014F4
__end_of_Timer_T0_Init                     text26       001C26
__end_of___aldiv                           text25       000EA0
__end_of___lwdiv                           text15       00179C
__end_of___lwmod                           text14       00198C
__end_of___wmul                            text24       001BAA
__end_of__initialization                   cinit        0018BA
__end_of_main                              text0        00169C
__initialization                           cinit        00187C
__mediumconst                              mediumconst  007BFA
__pbssBANK0                                bssBANK0     0000CF
__pbssBIGRAM                               bssBIGRAM    0000D7
__pbssCOMRAM                               bssCOMRAM    00005E
__pcinit                                   cinit        00187C
__pcstackBANK0                             cstackBANK0  000080
__pcstackCOMRAM                            cstackCOMRAM 000001
__pdataBANK0                               dataBANK0    0000D6
__pidataBANK0                              idataBANK0   001C32
__pintcode                                 intcode      000008
__pintcode_body                            intcode_body 001562
__pmediumconst                             mediumconst  007BFA
__ptext0                                   text0        00163A
__ptext1                                   text1        001BAA
__ptext10                                  text10       00169C
__ptext11                                  text11       001B0A
__ptext12                                  text12       000EA0
__ptext13                                  text13       00001C
__ptext14                                  text14       00194A
__ptext15                                  text15       00174A
__ptext16                                  text16       0019CC
__ptext17                                  text17       001380
__ptext18                                  text18       001B5E
__ptext19                                  text19       0015D0
__ptext2                                   text2        001060
__ptext20                                  text20       000CA6
__ptext21                                  text21       0016F6
__ptext22                                  text22       00179C
__ptext23                                  text23       001400
__ptext24                                  text24       001B84
__ptext25                                  text25       000DA4
__ptext26                                  text26       001C12
__ptext27                                  text27       001BCE
__ptext28                                  text28       0014F4
__ptext29                                  text29       001118
__ptext3                                   text3        001C26
__ptext30                                  text30       000B92
__ptext31                                  text31       00147C
__ptext32                                  text32       0018C4
__ptext33                                  text33       000F8E
__ptext34                                  text34       001B34
__ptext35                                  text35       001BF0
__ptext36                                  text36       001A7E
__ptext37                                  text37       0012F0
__ptext38                                  text38       0017E8
__ptext39                                  text39       001832
__ptext4                                   text4        00125A
__ptext40                                  text40       00198C
__ptext41                                  text41       001AB2
__ptext43                                  text43       001ADE
__ptext5                                   text5        001A0A
__ptext6                                   text6        001A44
__ptext7                                   text7        0011C2
__ptext8                                   text8        000A78
__ptext9                                   text9        001908
__ramtop                                   ramtop       000600
__size_of_API_MicroApplication_Sleep       (abs)        000000
__size_of_Api_ExecuteNativeMethod          (abs)        000000
__size_of_Api_PortRegistry_GetPortRegistry (abs)        000000
__size_of_Api_PortRegistry_SetPin          (abs)        000000
__size_of_Heap_GarbageCollect              (abs)        000000
__size_of_Heap_GetBytes                    (abs)        000000
__size_of_Heap_GetHeader                   (abs)        000000
__size_of_Heap_GetHeaderAddress            (abs)        000000
__size_of_Heap_Init                        (abs)        000000
__size_of_Heap_IsIdInUse                   (abs)        000000
__size_of_Heap_SetBytes                    (abs)        000000
__size_of_ISR                              (abs)        000000
__size_of_JavaClass_Init                   (abs)        000000
__size_of_Jvm_Init                         (abs)        000000
__size_of_Jvm_Main                         (abs)        000000
__size_of_Jvm_RunMethod                    (abs)        000000
__size_of_Loader_ProcessCommand            (abs)        000000
__size_of_Loader_ProcessCommandLoad        (abs)        000000
__size_of_Mm_CopyRam                       (abs)        000000
__size_of_Mm_GetU08                        (abs)        000000
__size_of_Mm_GetU16                        (abs)        000000
__size_of_Mm_IsAddressEEPROM               (abs)        000000
__size_of_Mm_IsAddressFlash                (abs)        000000
__size_of_Mm_ReadEEPROM                    (abs)        000000
__size_of_Mm_ReadFlash                     (abs)        000000
__size_of_Mm_ReadNVM                       (abs)        000000
__size_of_Mm_SetU08                        (abs)        000000
__size_of_Mm_SetU16                        (abs)        000000
__size_of_Mm_Write                         (abs)        000000
__size_of_Mm_WriteEEPROM                   (abs)        000000
__size_of_Mm_WriteFlash                    (abs)        000000
__size_of_Mm_WriteFlashBlock               (abs)        000000
__size_of_Mm_WriteNVM                      (abs)        000000
__size_of_SerialPort_ISR                   (abs)        000000
__size_of_SerialPort_Init                  (abs)        000000
__size_of_SerialPort_Send                  (abs)        000000
__size_of_Stack_Init                       (abs)        000000
__size_of_Stack_IsIdInUse                  (abs)        000000
__size_of_Timer_T0_Init                    (abs)        000000
__size_of___aldiv                          (abs)        000000
__size_of___lwdiv                          (abs)        000000
__size_of___lwmod                          (abs)        000000
__size_of___wmul                           (abs)        000000
__size_of_main                             (abs)        000000
__smallconst                               smallconst   000000
_localVariables                            bssCOMRAM    00006A
_main                                      text0        00163A
end_of_initialization                      cinit        0018BA
int_func                                   intcode_body 001562
intlevel0                                  text         000000
intlevel1                                  text         000000
intlevel2                                  text         000000
intlevel3                                  text         000000
stackhi                                    (abs)        0005FF
stacklo                                    (abs)        0004D7
start                                      init         000018
start_initialization                       cinit        00187C


FUNCTION INFORMATION:

 *************** function _main *****************
 Defined at:
		line 23 in file "src/Main.c"
 Parameters:    Size  Location     Type
		None
 Auto vars:     Size  Location     Type
		None
 Return value:  Size  Location     Type
		None               void
 Registers used:
		wreg, fsr1l, fsr1h, fsr2l, fsr2h, status,2, status,0, tblptrl, tblptrh, tblptru, prodl, prodh, cstack
 Tracked objects:
		On entry : 
		On exit  : 
		Unchanged: 
 Data sizes:     COMRAM   BANK0   BANK1   BANK2   BANK3   BANK4   BANK5
      Params:         0       0       0       0       0       0       0
      Locals:         0       0       0       0       0       0       0
      Temps:          1       0       0       0       0       0       0
      Totals:         1       0       0       0       0       0       0
Total ram usage:        1 bytes
 Hardware stack levels required when called:    9
 This function calls:
		_JavaClass_Init
		_Jvm_Init
		_Jvm_Main
		_Loader_ProcessCommand
		_SerialPort_Init
 This function is called by:
		Startup code after reset
 This function uses a non-reentrant model


 *************** function _SerialPort_Init *****************
 Defined at:
		line 10 in file "src/SerialPort/SerialPort.c"
 Parameters:    Size  Location     Type
		None
 Auto vars:     Size  Location     Type
		None
 Return value:  Size  Location     Type
		None               void
 Registers used:
		wreg, status,2
 Tracked objects:
		On entry : 
		On exit  : 
		Unchanged: 
 Data sizes:     COMRAM   BANK0   BANK1   BANK2   BANK3   BANK4   BANK5
      Params:         0       0       0       0       0       0       0
      Locals:         0       0       0       0       0       0       0
      Temps:          0       0       0       0       0       0       0
      Totals:         0       0       0       0       0       0       0
Total ram usage:        0 bytes
 Hardware stack levels used:    1
 Hardware stack levels required when called:    2
 This function calls:
		Nothing
 This function is called by:
		_main
 This function uses a non-reentrant model


 *************** function _Loader_ProcessCommand *****************
 Defined at:
		line 61 in file "src/Loader/Loader.c"
 Parameters:    Size  Location     Type
  value           1    wreg     unsigned char 
 Auto vars:     Size  Location     Type
  value           1   46[COMRAM] unsigned char 
  response        1   45[COMRAM] unsigned char 
 Return value:  Size  Location     Type
		None               void
 Registers used:
		wreg, fsr1l, fsr1h, fsr2l, fsr2h, status,2, status,0, prodl, prodh, cstack
 Tracked objects:
		On entry : 
		On exit  : 
		Unchanged: 
 Data sizes:     COMRAM   BANK0   BANK1   BANK2   BANK3   BANK4   BANK5
      Params:         0       0       0       0       0       0       0
      Locals:         2       0       0       0       0       0       0
      Temps:          0       0       0       0       0       0       0
      Totals:         2       0       0       0       0       0       0
Total ram usage:        2 bytes
 Hardware stack levels used:    1
 Hardware stack levels required when called:    8
 This function calls:
		_Loader_ProcessCommandLoad
		_SerialPort_Send
 This function is called by:
		_main
 This function uses a non-reentrant model


 *************** function _SerialPort_Send *****************
 Defined at:
		line 50 in file "src/SerialPort/SerialPort.c"
 Parameters:    Size  Location     Type
  byte            1    wreg     unsigned char 
 Auto vars:     Size  Location     Type
  byte            1   15[COMRAM] unsigned char 
 Return value:  Size  Location     Type
		None               void
 Registers used:
		wreg
 Tracked objects:
		On entry : 
		On exit  : 
		Unchanged: 
 Data sizes:     COMRAM   BANK0   BANK1   BANK2   BANK3   BANK4   BANK5
      Params:         0       0       0       0       0       0       0
      Locals:         1       0       0       0       0       0       0
      Temps:          0       0       0       0       0       0       0
      Totals:         1       0       0       0       0       0       0
Total ram usage:        1 bytes
 Hardware stack levels used:    1
 Hardware stack levels required when called:    2
 This function calls:
		Nothing
 This function is called by:
		_Loader_ProcessCommand
		_Timer_T0_ISR
 This function uses a non-reentrant model


 *************** function _Loader_ProcessCommandLoad *****************
 Defined at:
		line 39 in file "src/Loader/Loader.c"
 Parameters:    Size  Location     Type
  value           1    wreg     unsigned char 
 Auto vars:     Size  Location     Type
  value           1   44[COMRAM] unsigned char 
 Return value:  Size  Location     Type
                  1    wreg      unsigned char 
 Registers used:
		wreg, fsr1l, fsr1h, fsr2l, fsr2h, status,2, status,0, prodl, prodh, cstack
 Tracked objects:
		On entry : 
		On exit  : 
		Unchanged: 
 Data sizes:     COMRAM   BANK0   BANK1   BANK2   BANK3   BANK4   BANK5
      Params:         0       0       0       0       0       0       0
      Locals:         1       0       0       0       0       0       0
      Temps:          2       0       0       0       0       0       0
      Totals:         3       0       0       0       0       0       0
Total ram usage:        3 bytes
 Hardware stack levels used:    1
 Hardware stack levels required when called:    7
 This function calls:
		_Mm_SetU08
		_Mm_SetU16
 This function is called by:
		_Loader_ProcessCommand
 This function uses a non-reentrant model


 *************** function _Mm_SetU16 *****************
 Defined at:
		line 34 in file "src/MemoryManagement/MemoryManagement.c"
 Parameters:    Size  Location     Type
  address         4   36[COMRAM] unsigned long 
  value           2   40[COMRAM] unsigned short 
 Auto vars:     Size  Location     Type
		None
 Return value:  Size  Location     Type
		None               void
 Registers used:
		wreg, fsr1l, fsr1h, fsr2l, fsr2h, status,2, status,0, prodl, prodh, cstack
 Tracked objects:
		On entry : 
		On exit  : 
		Unchanged: 
 Data sizes:     COMRAM   BANK0   BANK1   BANK2   BANK3   BANK4   BANK5
      Params:         6       0       0       0       0       0       0
      Locals:         0       0       0       0       0       0       0
      Temps:          0       0       0       0       0       0       0
      Totals:         6       0       0       0       0       0       0
Total ram usage:        6 bytes
 Hardware stack levels used:    1
 Hardware stack levels required when called:    6
 This function calls:
		_Mm_WriteNVM
 This function is called by:
		_Loader_ProcessCommandLoad
 This function uses a non-reentrant model


 *************** function _Mm_SetU08 *****************
 Defined at:
		line 29 in file "src/MemoryManagement/MemoryManagement.c"
 Parameters:    Size  Location     Type
  address         4   36[COMRAM] unsigned long 
  value           1   40[COMRAM] unsigned char 
 Auto vars:     Size  Location     Type
		None
 Return value:  Size  Location     Type
		None               void
 Registers used:
		wreg, fsr1l, fsr1h, fsr2l, fsr2h, status,2, status,0, prodl, prodh, cstack
 Tracked objects:
		On entry : 
		On exit  : 
		Unchanged: 
 Data sizes:     COMRAM   BANK0   BANK1   BANK2   BANK3   BANK4   BANK5
      Params:         5       0       0       0       0       0       0
      Locals:         0       0       0       0       0       0       0
      Temps:          0       0       0       0       0       0       0
      Totals:         5       0       0       0       0       0       0
Total ram usage:        5 bytes
 Hardware stack levels used:    1
 Hardware stack levels required when called:    6
 This function calls:
		_Mm_WriteNVM
 This function is called by:
		_Loader_ProcessCommandLoad
 This function uses a non-reentrant model


 *************** function _Mm_WriteNVM *****************
 Defined at:
		line 157 in file "src/MemoryManagement/PIC18F4520/MemoryManagement_PIC18F4520.c"
 Parameters:    Size  Location     Type
  address         4   69[BANK0 ] unsigned long 
  bytes           4   73[BANK0 ] unsigned long 
  data            2   77[BANK0 ] PTR unsigned char 
		 -> Mm_SetU16@value(2), Mm_SetU08@value(1), 
 Auto vars:     Size  Location     Type
		None
 Return value:  Size  Location     Type
		None               void
 Registers used:
		wreg, fsr1l, fsr1h, fsr2l, fsr2h, status,2, status,0, prodl, prodh, cstack
 Tracked objects:
		On entry : 
		On exit  : 
		Unchanged: 
 Data sizes:     COMRAM   BANK0   BANK1   BANK2   BANK3   BANK4   BANK5
      Params:         0      10       0       0       0       0       0
      Locals:         0       0       0       0       0       0       0
      Temps:          0       0       0       0       0       0       0
      Totals:         0      10       0       0       0       0       0
Total ram usage:       10 bytes
 Hardware stack levels used:    1
 Hardware stack levels required when called:    5
 This function calls:
		_Mm_IsAddressEEPROM
		_Mm_IsAddressFlash
		_Mm_WriteEEPROM
		_Mm_WriteFlash
 This function is called by:
		_Mm_SetU08
		_Mm_SetU16
 This function uses a non-reentrant model


 *************** function _Mm_WriteFlash *****************
 Defined at:
		line 124 in file "src/MemoryManagement/PIC18F4520/MemoryManagement_PIC18F4520.c"
 Parameters:    Size  Location     Type
  address         4   25[COMRAM] unsigned long 
  bytes           4   29[COMRAM] unsigned long 
  data            2   33[COMRAM] PTR unsigned char 
		 -> Mm_SetU16@value(2), Mm_SetU08@value(1), 
 Auto vars:     Size  Location     Type
  offset          1   68[BANK0 ] unsigned char 
  block          64    0[BANK0 ] unsigned char [64]
  saddress        4   64[BANK0 ] unsigned long 
 Return value:  Size  Location     Type
		None               void
 Registers used:
		wreg, fsr1l, fsr1h, fsr2l, fsr2h, status,2, status,0, prodl, prodh, cstack
 Tracked objects:
		On entry : 
		On exit  : 
		Unchanged: 
 Data sizes:     COMRAM   BANK0   BANK1   BANK2   BANK3   BANK4   BANK5
      Params:        10       0       0       0       0       0       0
      Locals:         0      69       0       0       0       0       0
      Temps:          1       0       0       0       0       0       0
      Totals:        11      69       0       0       0       0       0
Total ram usage:       80 bytes
 Hardware stack levels used:    1
 Hardware stack levels required when called:    4
 This function calls:
		_Mm_ReadFlash
		_Mm_Write
		_Mm_WriteFlashBlock
 This function is called by:
		_Mm_WriteNVM
 This function uses a non-reentrant model


 *************** function _Mm_WriteFlashBlock *****************
 Defined at:
		line 107 in file "src/MemoryManagement/PIC18F4520/MemoryManagement_PIC18F4520.c"
 Parameters:    Size  Location     Type
  address         4   16[COMRAM] unsigned long 
  block           2   20[COMRAM] PTR unsigned char 
		 -> Mm_WriteFlash@block(64), 
 Auto vars:     Size  Location     Type
  offset          1   22[COMRAM] unsigned char 
 Return value:  Size  Location     Type
		None               void
 Registers used:
		wreg, fsr2l, fsr2h, status,2, status,0, cstack
 Tracked objects:
		On entry : 
		On exit  : 
		Unchanged: 
 Data sizes:     COMRAM   BANK0   BANK1   BANK2   BANK3   BANK4   BANK5
      Params:         6       0       0       0       0       0       0
      Locals:         1       0       0       0       0       0       0
      Temps:          0       0       0       0       0       0       0
      Totals:         7       0       0       0       0       0       0
Total ram usage:        7 bytes
 Hardware stack levels used:    1
 Hardware stack levels required when called:    3
 This function calls:
		_Mm_Write
 This function is called by:
		_Mm_WriteFlash
 This function uses a non-reentrant model


 *************** function _Mm_WriteEEPROM *****************
 Defined at:
		line 96 in file "src/MemoryManagement/PIC18F4520/MemoryManagement_PIC18F4520.c"
 Parameters:    Size  Location     Type
  address         4   16[COMRAM] unsigned long 
  bytes           4   20[COMRAM] unsigned long 
  data            2   24[COMRAM] PTR unsigned char 
		 -> Mm_SetU16@value(2), Mm_SetU08@value(1), 
 Auto vars:     Size  Location     Type
  byte            4   26[COMRAM] unsigned long 
 Return value:  Size  Location     Type
		None               void
 Registers used:
		wreg, fsr2l, fsr2h, status,2, status,0, cstack
 Tracked objects:
		On entry : 
		On exit  : 
		Unchanged: 
 Data sizes:     COMRAM   BANK0   BANK1   BANK2   BANK3   BANK4   BANK5
      Params:        10       0       0       0       0       0       0
      Locals:         4       0       0       0       0       0       0
      Temps:          0       0       0       0       0       0       0
      Totals:        14       0       0       0       0       0       0
Total ram usage:       14 bytes
 Hardware stack levels used:    1
 Hardware stack levels required when called:    3
 This function calls:
		_Mm_Write
 This function is called by:
		_Mm_WriteNVM
 This function uses a non-reentrant model


 *************** function _Mm_Write *****************
 Defined at:
		line 77 in file "src/MemoryManagement/PIC18F4520/MemoryManagement_PIC18F4520.c"
 Parameters:    Size  Location     Type
		None
 Auto vars:     Size  Location     Type
  GIEBit          1   15[COMRAM] unsigned char 
 Return value:  Size  Location     Type
		None               void
 Registers used:
		wreg, status,2
 Tracked objects:
		On entry : 
		On exit  : 
		Unchanged: 
 Data sizes:     COMRAM   BANK0   BANK1   BANK2   BANK3   BANK4   BANK5
      Params:         0       0       0       0       0       0       0
      Locals:         1       0       0       0       0       0       0
      Temps:          0       0       0       0       0       0       0
      Totals:         1       0       0       0       0       0       0
Total ram usage:        1 bytes
 Hardware stack levels used:    1
 Hardware stack levels required when called:    2
 This function calls:
		Nothing
 This function is called by:
		_Mm_WriteEEPROM
		_Mm_WriteFlashBlock
		_Mm_WriteFlash
 This function uses a non-reentrant model


 *************** function _Jvm_Main *****************
 Defined at:
		line 30 in file "src/JVM/JVM.c"
 Parameters:    Size  Location     Type
		None
 Auto vars:     Size  Location     Type
  method          2   86[COMRAM] PTR struct javaclass_met
		 -> JavaClass_Data(1024), 
  index           1   91[COMRAM] unsigned char 
  flags           1   88[COMRAM] unsigned char 
 Return value:  Size  Location     Type
		None               void
 Registers used:
		wreg, fsr1l, fsr1h, fsr2l, fsr2h, status,2, status,0, prodl, prodh, cstack
 Tracked objects:
		On entry : 
		On exit  : 
		Unchanged: 
 Data sizes:     COMRAM   BANK0   BANK1   BANK2   BANK3   BANK4   BANK5
      Params:         0       0       0       0       0       0       0
      Locals:         6       0       0       0       0       0       0
      Temps:          4       0       0       0       0       0       0
      Totals:        10       0       0       0       0       0       0
Total ram usage:       10 bytes
 Hardware stack levels used:    1
 Hardware stack levels required when called:    6
 This function calls:
		_Jvm_RunMethod
		_Mm_GetU08
		_Mm_GetU16
 This function is called by:
		_main
 This function uses a non-reentrant model


 *************** function _Jvm_RunMethod *****************
 Defined at:
		line 54 in file "src/JVM/JVM.c"
 Parameters:    Size  Location     Type
  index           2   48[COMRAM] unsigned short 
 Auto vars:     Size  Location     Type
  oldLocalsOff    2   56[COMRAM] unsigned short 
  oldUnsteal      1   59[COMRAM] unsigned char 
  oldLocals       1   58[COMRAM] unsigned char 
  method          8   72[COMRAM] struct javaclass_method_
  pc              4   63[COMRAM] unsigned long 
  aux1            2   80[COMRAM] unsigned short 
  aux2            2   70[COMRAM] unsigned short 
  nextcodes       2   68[COMRAM] struct .
  method_ptr      2   60[COMRAM] PTR struct javaclass_met
		 -> JavaClass_Data(1024), 
  bytecode        1   67[COMRAM] unsigned char 
  pcIncrement     1   62[COMRAM] unsigned char 
 Return value:  Size  Location     Type
		None               void
 Registers used:
		wreg, fsr1l, fsr1h, fsr2l, fsr2h, status,2, status,0, prodl, prodh, cstack
 Tracked objects:
		On entry : 
		On exit  : 
		Unchanged: 
 Data sizes:     COMRAM   BANK0   BANK1   BANK2   BANK3   BANK4   BANK5
      Params:         2       0       0       0       0       0       0
      Locals:        26       0       0       0       0       0       0
      Temps:          6       0       0       0       0       0       0
      Totals:        34       0       0       0       0       0       0
Total ram usage:       34 bytes
 Hardware stack levels used:    1
 Hardware stack levels required when called:    5
 This function calls:
		_Api_ExecuteNativeMethod
		_Heap_GetBytes
		_Heap_GetHeaderAddress
		_Heap_SetBytes
		_Mm_GetU08
		_Mm_GetU16
		_Mm_ReadNVM
		___lwdiv
		___lwmod
		___wmul
 This function is called by:
		_Jvm_Main
 This function uses a non-reentrant model


 *************** function ___lwmod *****************
 Defined at:
		line 8 in file "C:\Program Files\Microchip\xc8\v1.33\sources\common\lwmod.c"
 Parameters:    Size  Location     Type
  dividend        2   15[COMRAM] unsigned int 
  divisor         2   17[COMRAM] unsigned int 
 Auto vars:     Size  Location     Type
  counter         1   19[COMRAM] unsigned char 
 Return value:  Size  Location     Type
                  2   15[COMRAM] unsigned int 
 Registers used:
		wreg, status,2, status,0
 Tracked objects:
		On entry : 
		On exit  : 
		Unchanged: 
 Data sizes:     COMRAM   BANK0   BANK1   BANK2   BANK3   BANK4   BANK5
      Params:         4       0       0       0       0       0       0
      Locals:         1       0       0       0       0       0       0
      Temps:          0       0       0       0       0       0       0
      Totals:         5       0       0       0       0       0       0
Total ram usage:        5 bytes
 Hardware stack levels used:    1
 Hardware stack levels required when called:    2
 This function calls:
		Nothing
 This function is called by:
		_Jvm_RunMethod
 This function uses a non-reentrant model


 *************** function ___lwdiv *****************
 Defined at:
		line 8 in file "C:\Program Files\Microchip\xc8\v1.33\sources\common\lwdiv.c"
 Parameters:    Size  Location     Type
  dividend        2   15[COMRAM] unsigned int 
  divisor         2   17[COMRAM] unsigned int 
 Auto vars:     Size  Location     Type
  quotient        2   19[COMRAM] unsigned int 
  counter         1   21[COMRAM] unsigned char 
 Return value:  Size  Location     Type
                  2   15[COMRAM] unsigned int 
 Registers used:
		wreg, status,2, status,0
 Tracked objects:
		On entry : 
		On exit  : 
		Unchanged: 
 Data sizes:     COMRAM   BANK0   BANK1   BANK2   BANK3   BANK4   BANK5
      Params:         4       0       0       0       0       0       0
      Locals:         3       0       0       0       0       0       0
      Temps:          0       0       0       0       0       0       0
      Totals:         7       0       0       0       0       0       0
Total ram usage:        7 bytes
 Hardware stack levels used:    1
 Hardware stack levels required when called:    2
 This function calls:
		Nothing
 This function is called by:
		_Jvm_RunMethod
 This function uses a non-reentrant model


 *************** function _Mm_GetU16 *****************
 Defined at:
		line 22 in file "src/MemoryManagement/MemoryManagement.c"
 Parameters:    Size  Location     Type
  address         4   35[COMRAM] unsigned long 
 Auto vars:     Size  Location     Type
  value           2   39[COMRAM] unsigned short 
 Return value:  Size  Location     Type
                  2   35[COMRAM] unsigned short 
 Registers used:
		wreg, fsr2l, fsr2h, status,2, status,0, cstack
 Tracked objects:
		On entry : 
		On exit  : 
		Unchanged: 
 Data sizes:     COMRAM   BANK0   BANK1   BANK2   BANK3   BANK4   BANK5
      Params:         4       0       0       0       0       0       0
      Locals:         2       0       0       0       0       0       0
      Temps:          0       0       0       0       0       0       0
      Totals:         6       0       0       0       0       0       0
Total ram usage:        6 bytes
 Hardware stack levels used:    1
 Hardware stack levels required when called:    4
 This function calls:
		_Mm_ReadNVM
 This function is called by:
		_Jvm_Main
		_Jvm_RunMethod
 This function uses a non-reentrant model


 *************** function _Heap_SetBytes *****************
 Defined at:
		line 119 in file "src/JVM/Heap.c"
 Parameters:    Size  Location     Type
  bytes           2   15[COMRAM] unsigned short 
 Auto vars:     Size  Location     Type
  heap            2   21[COMRAM] PTR struct .
		 -> Heap(1024), 
  size            2   19[COMRAM] unsigned short 
 Return value:  Size  Location     Type
		None               void
 Registers used:
		wreg, fsr2l, fsr2h, status,2, status,0
 Tracked objects:
		On entry : 
		On exit  : 
		Unchanged: 
 Data sizes:     COMRAM   BANK0   BANK1   BANK2   BANK3   BANK4   BANK5
      Params:         2       0       0       0       0       0       0
      Locals:         4       0       0       0       0       0       0
      Temps:          2       0       0       0       0       0       0
      Totals:         8       0       0       0       0       0       0
Total ram usage:        8 bytes
 Hardware stack levels used:    1
 Hardware stack levels required when called:    2
 This function calls:
		Nothing
 This function is called by:
		_Jvm_RunMethod
 This function uses a non-reentrant model


 *************** function _Heap_GetHeaderAddress *****************
 Defined at:
		line 108 in file "src/JVM/Heap.c"
 Parameters:    Size  Location     Type
  id              1    wreg     unsigned char 
 Auto vars:     Size  Location     Type
  id              1   26[COMRAM] unsigned char 
  heap            2   27[COMRAM] PTR struct .
		 -> Heap(1024), NULL(0), 
 Return value:  Size  Location     Type
                  2   24[COMRAM] PTR void 
 Registers used:
		wreg, fsr2l, fsr2h, status,2, status,0, cstack
 Tracked objects:
		On entry : 
		On exit  : 
		Unchanged: 
 Data sizes:     COMRAM   BANK0   BANK1   BANK2   BANK3   BANK4   BANK5
      Params:         2       0       0       0       0       0       0
      Locals:         3       0       0       0       0       0       0
      Temps:          0       0       0       0       0       0       0
      Totals:         5       0       0       0       0       0       0
Total ram usage:        5 bytes
 Hardware stack levels used:    1
 Hardware stack levels required when called:    3
 This function calls:
		_Heap_GetHeader
 This function is called by:
		_Jvm_RunMethod
 This function uses a non-reentrant model


 *************** function _Heap_GetHeader *****************
 Defined at:
		line 91 in file "src/JVM/Heap.c"
 Parameters:    Size  Location     Type
  id              1    wreg     unsigned char 
 Auto vars:     Size  Location     Type
  id              1   19[COMRAM] unsigned char 
  heap            2   22[COMRAM] PTR struct .
		 -> Heap(1024), 
  offset          2   20[COMRAM] unsigned short 
 Return value:  Size  Location     Type
                  2   15[COMRAM] PTR struct .
 Registers used:
		wreg, fsr2l, fsr2h, status,2, status,0
 Tracked objects:
		On entry : 
		On exit  : 
		Unchanged: 
 Data sizes:     COMRAM   BANK0   BANK1   BANK2   BANK3   BANK4   BANK5
      Params:         2       0       0       0       0       0       0
      Locals:         5       0       0       0       0       0       0
      Temps:          2       0       0       0       0       0       0
      Totals:         9       0       0       0       0       0       0
Total ram usage:        9 bytes
 Hardware stack levels used:    1
 Hardware stack levels required when called:    2
 This function calls:
		Nothing
 This function is called by:
		_Heap_GetHeaderAddress
 This function uses a non-reentrant model


 *************** function _Api_ExecuteNativeMethod *****************
 Defined at:
		line 16 in file "src/API/API.c"
 Parameters:    Size  Location     Type
  id              1    wreg     unsigned char 
 Auto vars:     Size  Location     Type
  id              1   43[COMRAM] unsigned char 
  value           2   44[COMRAM] unsigned short 
 Return value:  Size  Location     Type
		None               void
 Registers used:
		wreg, fsr2l, fsr2h, status,2, status,0, prodl, prodh, cstack
 Tracked objects:
		On entry : 
		On exit  : 
		Unchanged: 
 Data sizes:     COMRAM   BANK0   BANK1   BANK2   BANK3   BANK4   BANK5
      Params:         0       0       0       0       0       0       0
      Locals:         3       0       0       0       0       0       0
      Temps:          2       0       0       0       0       0       0
      Totals:         5       0       0       0       0       0       0
Total ram usage:        5 bytes
 Hardware stack levels used:    1
 Hardware stack levels required when called:    4
 This function calls:
		_API_MicroApplication_Sleep
		_Api_PortRegistry_GetPortRegistry
		_Api_PortRegistry_SetPin
 This function is called by:
		_Jvm_RunMethod
 This function uses a non-reentrant model


 *************** function _Api_PortRegistry_SetPin *****************
 Defined at:
		line 26 in file "src/API/PortRegistry/APIPortRegistry.c"
 Parameters:    Size  Location     Type
  pins            1    wreg     unsigned char 
  type            1   15[COMRAM] unsigned char 
 Auto vars:     Size  Location     Type
  pins            1   16[COMRAM] unsigned char 
 Return value:  Size  Location     Type
		None               void
 Registers used:
		wreg, fsr2l, fsr2h, status,2, status,0
 Tracked objects:
		On entry : 
		On exit  : 
		Unchanged: 
 Data sizes:     COMRAM   BANK0   BANK1   BANK2   BANK3   BANK4   BANK5
      Params:         1       0       0       0       0       0       0
      Locals:         1       0       0       0       0       0       0
      Temps:          0       0       0       0       0       0       0
      Totals:         2       0       0       0       0       0       0
Total ram usage:        2 bytes
 Hardware stack levels used:    1
 Hardware stack levels required when called:    2
 This function calls:
		Nothing
 This function is called by:
		_Api_ExecuteNativeMethod
 This function uses a non-reentrant model


 *************** function _Api_PortRegistry_GetPortRegistry *****************
 Defined at:
		line 8 in file "src/API/PortRegistry/APIPortRegistry.c"
 Parameters:    Size  Location     Type
  port            1    wreg     unsigned char 
 Auto vars:     Size  Location     Type
  port            1   15[COMRAM] unsigned char 
 Return value:  Size  Location     Type
		None               void
 Registers used:
		wreg, status,2, status,0
 Tracked objects:
		On entry : 
		On exit  : 
		Unchanged: 
 Data sizes:     COMRAM   BANK0   BANK1   BANK2   BANK3   BANK4   BANK5
      Params:         0       0       0       0       0       0       0
      Locals:         1       0       0       0       0       0       0
      Temps:          0       0       0       0       0       0       0
      Totals:         1       0       0       0       0       0       0
Total ram usage:        1 bytes
 Hardware stack levels used:    1
 Hardware stack levels required when called:    2
[...]
		_Jvm_RunMethod
		_Stack_Init
 This function uses a non-reentrant model


 *************** function _Heap_GarbageCollect *****************
 Defined at:
		line 42 in file "src/JVM/Heap.c"
 Parameters:    Size  Location     Type
		None
 Auto vars:     Size  Location     Type
  heap            2   36[COMRAM] PTR struct .
		 -> Heap(1024), NULL(0), 
  offset          2   34[COMRAM] unsigned short 
  size            2   32[COMRAM] unsigned short 
 Return value:  Size  Location     Type
		None               void
 Registers used:
		wreg, fsr1l, fsr1h, fsr2l, fsr2h, status,2, status,0, prodl, prodh, cstack
 Tracked objects:
		On entry : 
		On exit  : 
		Unchanged: 
 Data sizes:     COMRAM   BANK0   BANK1   BANK2   BANK3   BANK4   BANK5
      Params:         0       0       0       0       0       0       0
      Locals:         6       0       0       0       0       0       0
      Temps:          4       0       0       0       0       0       0
      Totals:        10       0       0       0       0       0       0
Total ram usage:       10 bytes
 Hardware stack levels used:    1
 Hardware stack levels required when called:    3
 This function calls:
		_Heap_IsIdInUse
		_Mm_CopyRam
		_Stack_IsIdInUse
 This function is called by:
		_Heap_GetBytes
 This function uses a non-reentrant model


 *************** function _Stack_IsIdInUse *****************
 Defined at:
		line 22 in file "src/JVM/Stack.c"
 Parameters:    Size  Location     Type
  id              2   15[COMRAM] unsigned short 
 Auto vars:     Size  Location     Type
  ii              2   22[COMRAM] unsigned short 
 Return value:  Size  Location     Type
                  1    wreg      unsigned char 
 Registers used:
		wreg, fsr2l, fsr2h, status,2, status,0
 Tracked objects:
		On entry : 
		On exit  : 
		Unchanged: 
 Data sizes:     COMRAM   BANK0   BANK1   BANK2   BANK3   BANK4   BANK5
      Params:         2       0       0       0       0       0       0
      Locals:         2       0       0       0       0       0       0
      Temps:          5       0       0       0       0       0       0
      Totals:         9       0       0       0       0       0       0
Total ram usage:        9 bytes
 Hardware stack levels used:    1
 Hardware stack levels required when called:    2
 This function calls:
		Nothing
 This function is called by:
		_Heap_GarbageCollect
 This function uses a non-reentrant model


 *************** function _Mm_CopyRam *****************
 Defined at:
		line 5 in file "src/MemoryManagement/MemoryManagement.c"
 Parameters:    Size  Location     Type
  destination     2   15[COMRAM] PTR unsigned char 
		 -> Heap(1024), 
  source          2   17[COMRAM] PTR unsigned char 
		 -> Heap(1024), 
  size            2   19[COMRAM] unsigned short 
 Auto vars:     Size  Location     Type
		None
 Return value:  Size  Location     Type
		None               void
 Registers used:
		wreg, fsr1l, fsr1h, fsr2l, fsr2h, status,2, status,0
 Tracked objects:
		On entry : 
		On exit  : 
		Unchanged: 
 Data sizes:     COMRAM   BANK0   BANK1   BANK2   BANK3   BANK4   BANK5
      Params:         6       0       0       0       0       0       0
      Locals:         0       0       0       0       0       0       0
      Temps:          0       0       0       0       0       0       0
      Totals:         6       0       0       0       0       0       0
Total ram usage:        6 bytes
 Hardware stack levels used:    1
 Hardware stack levels required when called:    2
 This function calls:
		Nothing
 This function is called by:
		_Heap_GarbageCollect
 This function uses a non-reentrant model


 *************** function _Heap_IsIdInUse *****************
 Defined at:
		line 18 in file "src/JVM/Heap.c"
 Parameters:    Size  Location     Type
  id              2   15[COMRAM] unsigned short 
 Auto vars:     Size  Location     Type
  ii              1   25[COMRAM] unsigned char 
  heap            2   26[COMRAM] PTR struct .
		 -> Heap(1024), NULL(0), 
  offset          2   23[COMRAM] unsigned short 
 Return value:  Size  Location     Type
                  1    wreg      unsigned char 
 Registers used:
		wreg, fsr2l, fsr2h, status,2, status,0, prodl, prodh
 Tracked objects:
		On entry : 
		On exit  : 
		Unchanged: 
 Data sizes:     COMRAM   BANK0   BANK1   BANK2   BANK3   BANK4   BANK5
      Params:         2       0       0       0       0       0       0
      Locals:         5       0       0       0       0       0       0
      Temps:          6       0       0       0       0       0       0
      Totals:        13       0       0       0       0       0       0
Total ram usage:       13 bytes
 Hardware stack levels used:    1
 Hardware stack levels required when called:    2
 This function calls:
		Nothing
 This function is called by:
		_Heap_GarbageCollect
 This function uses a non-reentrant model


 *************** function _Heap_Init *****************
 Defined at:
		line 11 in file "src/JVM/Heap.c"
 Parameters:    Size  Location     Type
		None
 Auto vars:     Size  Location     Type
  heap            2   15[COMRAM] PTR struct .
		 -> Heap(1024), 
 Return value:  Size  Location     Type
		None               void
 Registers used:
		wreg, fsr2l, fsr2h, status,2, status,0
 Tracked objects:
		On entry : 
		On exit  : 
		Unchanged: 
 Data sizes:     COMRAM   BANK0   BANK1   BANK2   BANK3   BANK4   BANK5
      Params:         0       0       0       0       0       0       0
      Locals:         2       0       0       0       0       0       0
      Temps:          0       0       0       0       0       0       0
      Totals:         2       0       0       0       0       0       0
Total ram usage:        2 bytes
 Hardware stack levels used:    1
 Hardware stack levels required when called:    2
 This function calls:
		Nothing
 This function is called by:
		_Jvm_Init
 This function uses a non-reentrant model


 *************** function _JavaClass_Init *****************
 Defined at:
		line 7 in file "src/Java/JavaClass.c"
 Parameters:    Size  Location     Type
		None
 Auto vars:     Size  Location     Type
		None
 Return value:  Size  Location     Type
		None               void
 Registers used:
		wreg, fsr2l, fsr2h, status,2, status,0, cstack
 Tracked objects:
		On entry : 
		On exit  : 
		Unchanged: 
 Data sizes:     COMRAM   BANK0   BANK1   BANK2   BANK3   BANK4   BANK5
      Params:         0       0       0       0       0       0       0
      Locals:         0       0       0       0       0       0       0
      Temps:          3       0       0       0       0       0       0
      Totals:         3       0       0       0       0       0       0
Total ram usage:        3 bytes
 Hardware stack levels used:    1
 Hardware stack levels required when called:    5
 This function calls:
		_Mm_GetU08
 This function is called by:
		_main
 This function uses a non-reentrant model


 *************** function _Mm_GetU08 *****************
 Defined at:
		line 15 in file "src/MemoryManagement/MemoryManagement.c"
 Parameters:    Size  Location     Type
  address         4   35[COMRAM] unsigned long 
 Auto vars:     Size  Location     Type
  value           1   39[COMRAM] unsigned char 
 Return value:  Size  Location     Type
                  1    wreg      unsigned char 
 Registers used:
		wreg, fsr2l, fsr2h, status,2, status,0, cstack
 Tracked objects:
		On entry : 
		On exit  : 
		Unchanged: 
 Data sizes:     COMRAM   BANK0   BANK1   BANK2   BANK3   BANK4   BANK5
      Params:         4       0       0       0       0       0       0
      Locals:         1       0       0       0       0       0       0
      Temps:          0       0       0       0       0       0       0
      Totals:         5       0       0       0       0       0       0
Total ram usage:        5 bytes
 Hardware stack levels used:    1
 Hardware stack levels required when called:    4
 This function calls:
		_Mm_ReadNVM
 This function is called by:
		_JavaClass_Init
		_Jvm_Main
		_Jvm_RunMethod
		_Stack_Init
 This function uses a non-reentrant model


 *************** function _Mm_ReadNVM *****************
 Defined at:
		line 66 in file "src/MemoryManagement/PIC18F4520/MemoryManagement_PIC18F4520.c"
 Parameters:    Size  Location     Type
  address         4   25[COMRAM] unsigned long 
  bytes           4   29[COMRAM] unsigned long 
  data            2   33[COMRAM] PTR unsigned char 
		 -> Mm_GetU16@value(2), Mm_GetU08@value(1), Jvm_RunMethod@method(8), 
 Auto vars:     Size  Location     Type
		None
 Return value:  Size  Location     Type
		None               void
 Registers used:
		wreg, fsr2l, fsr2h, status,2, status,0, cstack
 Tracked objects:
		On entry : 
		On exit  : 
		Unchanged: 
 Data sizes:     COMRAM   BANK0   BANK1   BANK2   BANK3   BANK4   BANK5
      Params:        10       0       0       0       0       0       0
      Locals:         0       0       0       0       0       0       0
      Temps:          0       0       0       0       0       0       0
      Totals:        10       0       0       0       0       0       0
Total ram usage:       10 bytes
 Hardware stack levels used:    1
 Hardware stack levels required when called:    3
 This function calls:
		_Mm_IsAddressEEPROM
		_Mm_IsAddressFlash
		_Mm_ReadEEPROM
		_Mm_ReadFlash
 This function is called by:
		_Jvm_RunMethod
		_Mm_GetU08
		_Mm_GetU16
 This function uses a non-reentrant model


 *************** function _Mm_ReadFlash *****************
 Defined at:
		line 52 in file "src/MemoryManagement/PIC18F4520/MemoryManagement_PIC18F4520.c"
 Parameters:    Size  Location     Type
  address         4   15[COMRAM] unsigned long 
  bytes           4   19[COMRAM] unsigned long 
  data            2   23[COMRAM] PTR unsigned char 
		 -> Mm_WriteFlash@block(64), Mm_GetU16@value(2), Mm_GetU08@value(1), Jvm_RunMethod@method(8), 
 Auto vars:     Size  Location     Type
		None
 Return value:  Size  Location     Type
		None               void
 Registers used:
		wreg, fsr2l, fsr2h, status,2, status,0
 Tracked objects:
		On entry : 
		On exit  : 
		Unchanged: 
 Data sizes:     COMRAM   BANK0   BANK1   BANK2   BANK3   BANK4   BANK5
      Params:        10       0       0       0       0       0       0
      Locals:         0       0       0       0       0       0       0
      Temps:          0       0       0       0       0       0       0
      Totals:        10       0       0       0       0       0       0
Total ram usage:       10 bytes
 Hardware stack levels used:    1
 Hardware stack levels required when called:    2
 This function calls:
		Nothing
 This function is called by:
		_Mm_ReadNVM
		_Mm_WriteFlash
 This function uses a non-reentrant model


 *************** function _Mm_ReadEEPROM *****************
 Defined at:
		line 35 in file "src/MemoryManagement/PIC18F4520/MemoryManagement_PIC18F4520.c"
 Parameters:    Size  Location     Type
  address         4   15[COMRAM] unsigned long 
  bytes           4   19[COMRAM] unsigned long 
  data            2   23[COMRAM] PTR unsigned char 
		 -> Mm_GetU16@value(2), Mm_GetU08@value(1), Jvm_RunMethod@method(8), 
 Auto vars:     Size  Location     Type
		None
 Return value:  Size  Location     Type
		None               void
 Registers used:
		wreg, fsr2l, fsr2h, status,2, status,0
 Tracked objects:
		On entry : 
		On exit  : 
		Unchanged: 
 Data sizes:     COMRAM   BANK0   BANK1   BANK2   BANK3   BANK4   BANK5
      Params:        10       0       0       0       0       0       0
      Locals:         0       0       0       0       0       0       0
      Temps:          0       0       0       0       0       0       0
      Totals:        10       0       0       0       0       0       0
Total ram usage:       10 bytes
 Hardware stack levels used:    1
 Hardware stack levels required when called:    2
 This function calls:
		Nothing
 This function is called by:
		_Mm_ReadNVM
 This function uses a non-reentrant model


 *************** function _Mm_IsAddressFlash *****************
 Defined at:
		line 25 in file "src/MemoryManagement/PIC18F4520/MemoryManagement_PIC18F4520.c"
 Parameters:    Size  Location     Type
  address         4   15[COMRAM] unsigned long 
 Auto vars:     Size  Location     Type
		None
 Return value:  Size  Location     Type
                  1    wreg      unsigned char 
 Registers used:
		wreg, status,2, status,0
 Tracked objects:
		On entry : 
		On exit  : 
		Unchanged: 
 Data sizes:     COMRAM   BANK0   BANK1   BANK2   BANK3   BANK4   BANK5
      Params:         4       0       0       0       0       0       0
      Locals:         0       0       0       0       0       0       0
      Temps:          4       0       0       0       0       0       0
      Totals:         8       0       0       0       0       0       0
Total ram usage:        8 bytes
 Hardware stack levels used:    1
 Hardware stack levels required when called:    2
 This function calls:
		Nothing
 This function is called by:
		_Mm_ReadNVM
		_Mm_WriteNVM
 This function uses a non-reentrant model


 *************** function _Mm_IsAddressEEPROM *****************
 Defined at:
		line 16 in file "src/MemoryManagement/PIC18F4520/MemoryManagement_PIC18F4520.c"
 Parameters:    Size  Location     Type
  address         4   15[COMRAM] unsigned long 
 Auto vars:     Size  Location     Type
		None
 Return value:  Size  Location     Type
                  1    wreg      unsigned char 
 Registers used:
		wreg, status,2, status,0
 Tracked objects:
		On entry : 
		On exit  : 
		Unchanged: 
 Data sizes:     COMRAM   BANK0   BANK1   BANK2   BANK3   BANK4   BANK5
      Params:         4       0       0       0       0       0       0
      Locals:         0       0       0       0       0       0       0
      Temps:          4       0       0       0       0       0       0
      Totals:         8       0       0       0       0       0       0
Total ram usage:        8 bytes
 Hardware stack levels used:    1
 Hardware stack levels required when called:    2
 This function calls:
		Nothing
 This function is called by:
		_Mm_ReadNVM
		_Mm_WriteNVM
 This function uses a non-reentrant model


 *************** function _ISR *****************
 Defined at:
		line 16 in file "src/Main.c"
 Parameters:    Size  Location     Type
		None
 Auto vars:     Size  Location     Type
		None
 Return value:  Size  Location     Type
		None               void
 Registers used:
		wreg, status,2, status,0, tblptrl, tblptrh, tblptru, cstack
 Tracked objects:
		On entry : 
		On exit  : 
		Unchanged: 
 Data sizes:     COMRAM   BANK0   BANK1   BANK2   BANK3   BANK4   BANK5
      Params:         0       0       0       0       0       0       0
      Locals:         0       0       0       0       0       0       0
      Temps:         14       0       0       0       0       0       0
      Totals:        14       0       0       0       0       0       0
Total ram usage:       14 bytes
 Hardware stack levels used:    1
 Hardware stack levels required when called:    1
 This function calls:
		_SerialPort_ISR
 This function is called by:
		Interrupt level 2
 This function uses a non-reentrant model


 *************** function _SerialPort_ISR *****************
 Defined at:
		line 30 in file "src/SerialPort/SerialPort.c"
 Parameters:    Size  Location     Type
		None
 Auto vars:     Size  Location     Type
		None
 Return value:  Size  Location     Type
		None               void
 Registers used:
		wreg, status,2, status,0, tblptrl, tblptrh, tblptru
 Tracked objects:
		On entry : 
		On exit  : 
		Unchanged: 
 Data sizes:     COMRAM   BANK0   BANK1   BANK2   BANK3   BANK4   BANK5
      Params:         0       0       0       0       0       0       0
      Locals:         0       0       0       0       0       0       0
      Temps:          1       0       0       0       0       0       0
      Totals:         1       0       0       0       0       0       0
Total ram usage:        1 bytes
 Hardware stack levels used:    1
 This function calls:
		Nothing
 This function is called by:
		_ISR
 This function uses a non-reentrant model



MODULE INFORMATION

Module		Function		Class		Link	Load	Size
src/Main.c
		_ISR           		CODE           	0008	0000	5576
		_main          		CODE           	163A	0000	98

src/Main.c estimated size: 5674

src/API/PortRegistry/APIPortRegistry.c
		_Api_PortRegist		CODE           	16F6	0000	84
		_Api_PortRegist		CODE           	179C	0000	76

src/API/PortRegistry/APIPortRegistry.c estimated size: 160

src/API/API.c
		_Api_ExecuteNat		CODE           	0CA6	0000	254

src/API/API.c estimated size: 254

src/Java/JavaClass.c
		_JavaClass_Init		CODE           	1BF0	0000	34

src/Java/JavaClass.c estimated size: 34

src/Loader/Loader.c
		_Loader_Process		CODE           	1060	0000	184
		_Loader_Process		CODE           	125A	0000	150

src/Loader/Loader.c estimated size: 334

src/MemoryManagement/MemoryManagement.c
		_Mm_GetU16     		CODE           	19CC	0000	62
		_Mm_GetU08     		CODE           	1A7E	0000	52
		_Mm_SetU16     		CODE           	1A0A	0000	58
		_Mm_SetU08     		CODE           	1A44	0000	58
		_Mm_CopyRam    		CODE           	18C4	0000	68

src/MemoryManagement/MemoryManagement.c estimated size: 298

C:\Program Files\Microchip\xc8\v1.33\sources\common\lwdiv.c
		___lwdiv       		CODE           	174A	0000	82

C:\Program Files\Microchip\xc8\v1.33\sources\common\lwdiv.c estimated size: 82

src/JVM/Stack.c
		_Stack_Init    		CODE           	14F4	0000	110
		_Stack_IsIdInUs		CODE           	147C	0000	120

src/JVM/Stack.c estimated size: 230

C:\Program Files\Microchip\xc8\v1.33\sources\common\aldiv.c
		___aldiv       		CODE           	0DA4	0000	252

C:\Program Files\Microchip\xc8\v1.33\sources\common\aldiv.c estimated size: 252

src/SerialPort/SerialPort.c
		_SerialPort_ISR		CODE           	1ADE	0000	44
		_SerialPort_Sen		CODE           	1C26	0000	12
		_SerialPort_Ini		CODE           	1BAA	0000	36

src/SerialPort/SerialPort.c estimated size: 92

src/JVM/JVM.c
		_Jvm_Main      		CODE           	0EA0	0000	238
		_Jvm_RunMethod 		CODE           	001C	0000	2652
		_Jvm_Init      		CODE           	1BCE	0000	34

src/JVM/JVM.c estimated size: 2924

shared
		_JavaClass_Data		MEDIUMCONST    	7BFB	0000	1024
		_JavaClass_Data		MEDIUMCONST    	7FFB	0000	2
		_Loader_IsLoade		MEDIUMCONST    	7FFD	0000	1
		__initializatio		CODE           	187C	0000	62

shared estimated size: 1089

src/Timer/Timer.c
		_Timer_T0_Init 		CODE           	1C12	0000	20

src/Timer/Timer.c estimated size: 20

C:\Program Files\Microchip\xc8\v1.33\sources\common\Umul16.c
		___wmul        		CODE           	1B84	0000	38

C:\Program Files\Microchip\xc8\v1.33\sources\common\Umul16.c estimated size: 38

src/API/MicroApplication/APIMicroApplication.c
		_API_MicroAppli		CODE           	1400	0000	124

src/API/MicroApplication/APIMicroApplication.c estimated size: 124

C:\Program Files\Microchip\xc8\v1.33\sources\common\lwmod.c
		___lwmod       		CODE           	194A	0000	66

C:\Program Files\Microchip\xc8\v1.33\sources\common\lwmod.c estimated size: 66

src/MemoryManagement/PIC18F4520/MemoryManagement_PIC18F4520.c
		_Mm_ReadEEPROM 		CODE           	1832	0000	74
		_Mm_Write      		CODE           	1B0A	0000	42
		_Mm_WriteNVM   		CODE           	11C2	0000	152
		_Mm_WriteFlash 		CODE           	0A78	0000	282
		_Mm_WriteEEPROM		CODE           	169C	0000	90
		_Mm_IsAddressFl		CODE           	198C	0000	64
		_Mm_WriteFlashB		CODE           	1908	0000	66
		_Mm_IsAddressEE		CODE           	1AB2	0000	44
		_Mm_ReadNVM    		CODE           	12F0	0000	144
		_Mm_ReadFlash  		CODE           	17E8	0000	74

src/MemoryManagement/PIC18F4520/MemoryManagement_PIC18F4520.c estimated size: 1032

src/JVM/Heap.c
		_Heap_GetBytes 		CODE           	1118	0000	170
		_Heap_SetBytes 		CODE           	1380	0000	128
		_Heap_GetHeader		CODE           	15D0	0000	106
		_Heap_GetHeader		CODE           	1B5E	0000	38
		_Heap_GarbageCo		CODE           	0B92	0000	276
		_Heap_IsIdInUse		CODE           	0F8E	0000	210
		_Heap_Init     		CODE           	1B34	0000	42

src/JVM/Heap.c estimated size: 970

